
> aln-orchestrator@1.0.0 test
> jest --config jest.config.js tests/contract/session_post.test.js

{"level":"info","message":"Request completed","metadata":{"metadata":{"ip":"::ffff:127.0.0.1","method":"POST","responseTime":"3ms","service":"aln-orchestrator","status":200,"url":"/auth"}},"timestamp":"2025-09-26 18:31:16.064"}
{"level":"info","message":"Persistence service initialized","metadata":{"metadata":{"dataDir":"./data","service":"aln-orchestrator"}},"timestamp":"2025-09-26 18:31:16.075"}
{"level":"info","message":"Session service reset","metadata":{"metadata":{"service":"aln-orchestrator"}},"timestamp":"2025-09-26 18:31:16.076"}
{"level":"info","message":"Game state reset","metadata":{"metadata":{"service":"aln-orchestrator"}},"timestamp":"2025-09-26 18:31:16.076"}
{"level":"info","message":"Session created","metadata":{"metadata":{"name":"Test Session","service":"aln-orchestrator","sessionId":"58cc9451-e3f8-4373-adf4-357d7233a300"}},"timestamp":"2025-09-26 18:31:16.102"}
{"level":"info","message":"Initializing transaction listeners","metadata":{"metadata":{"service":"aln-orchestrator"}},"timestamp":"2025-09-26 18:31:16.103"}
{"level":"info","message":"Request completed","metadata":{"metadata":{"ip":"::ffff:127.0.0.1","method":"POST","responseTime":"20ms","service":"aln-orchestrator","status":201,"url":"/"}},"timestamp":"2025-09-26 18:31:16.105"}
  console.log
    [IntervalTracker] Cleared 2 intervals and 1 timeouts

      at IntervalTracker.log [as clearAll] (src/utils/intervalTracker.js:116:15)

  console.log
    [Cleanup] Cleared 2 intervals and 1 timeouts

      at Object.log (jest.setup.js:59:15)

{"level":"info","message":"Starting broadcast listener cleanup","metadata":{"metadata":{"activeCount":0,"service":"aln-orchestrator"}},"timestamp":"2025-09-26 18:31:16.119"}
{"level":"info","message":"Listener registry cleanup completed","metadata":{"metadata":{"enabled":true,"service":"aln-orchestrator","services":"","totalRemoved":0}},"timestamp":"2025-09-26 18:31:16.119"}
{"level":"info","message":"Broadcast listener cleanup completed","metadata":{"metadata":{"service":"aln-orchestrator"}},"timestamp":"2025-09-26 18:31:16.120"}
{"level":"info","message":"Persistence service initialized","metadata":{"metadata":{"dataDir":"./data","service":"aln-orchestrator"}},"timestamp":"2025-09-26 18:31:16.130"}
{"level":"info","message":"Session service reset","metadata":{"metadata":{"service":"aln-orchestrator"}},"timestamp":"2025-09-26 18:31:16.135"}
{"level":"info","message":"Game state reset","metadata":{"metadata":{"service":"aln-orchestrator"}},"timestamp":"2025-09-26 18:31:16.136"}
{"level":"info","message":"Transaction service reset","metadata":{"metadata":{"service":"aln-orchestrator"}},"timestamp":"2025-09-26 18:31:16.136"}
{"level":"info","message":"Video queue service reset","metadata":{"metadata":{"service":"aln-orchestrator"}},"timestamp":"2025-09-26 18:31:16.136"}
{"level":"info","message":"Offline queue service reset","metadata":{"metadata":{"service":"aln-orchestrator"}},"timestamp":"2025-09-26 18:31:16.137"}
{"level":"info","message":"VLC service reset","metadata":{"metadata":{"service":"aln-orchestrator"}},"timestamp":"2025-09-26 18:31:16.137"}
{"level":"info","message":"Persistence service cleaned up","metadata":{"metadata":{"service":"aln-orchestrator"}},"timestamp":"2025-09-26 18:31:16.137"}
{"level":"info","message":"Session service reset","metadata":{"metadata":{"service":"aln-orchestrator"}},"timestamp":"2025-09-26 18:31:16.184"}
{"level":"info","message":"Game state reset","metadata":{"metadata":{"service":"aln-orchestrator"}},"timestamp":"2025-09-26 18:31:16.184"}
{"level":"info","message":"Session created","metadata":{"metadata":{"name":"A","service":"aln-orchestrator","sessionId":"718e2e37-9c9d-40aa-ae08-fb223f5bd148"}},"timestamp":"2025-09-26 18:31:16.203"}
{"level":"info","message":"Initializing transaction listeners","metadata":{"metadata":{"service":"aln-orchestrator"}},"timestamp":"2025-09-26 18:31:16.203"}
{"level":"info","message":"Request completed","metadata":{"metadata":{"ip":"::ffff:127.0.0.1","method":"POST","responseTime":"18ms","service":"aln-orchestrator","status":201,"url":"/"}},"timestamp":"2025-09-26 18:31:16.205"}
  console.log
    [IntervalTracker] Cleared 0 intervals and 1 timeouts

      at IntervalTracker.log [as clearAll] (src/utils/intervalTracker.js:116:15)

  console.log
    [Cleanup] Cleared 0 intervals and 1 timeouts

      at Object.log (jest.setup.js:59:15)

{"level":"info","message":"Starting broadcast listener cleanup","metadata":{"metadata":{"activeCount":0,"service":"aln-orchestrator"}},"timestamp":"2025-09-26 18:31:16.207"}
{"level":"info","message":"Listener registry cleanup completed","metadata":{"metadata":{"enabled":true,"service":"aln-orchestrator","services":"","totalRemoved":0}},"timestamp":"2025-09-26 18:31:16.208"}
{"level":"info","message":"Broadcast listener cleanup completed","metadata":{"metadata":{"service":"aln-orchestrator"}},"timestamp":"2025-09-26 18:31:16.208"}
{"level":"info","message":"Persistence service initialized","metadata":{"metadata":{"dataDir":"./data","service":"aln-orchestrator"}},"timestamp":"2025-09-26 18:31:16.215"}
{"level":"info","message":"Session service reset","metadata":{"metadata":{"service":"aln-orchestrator"}},"timestamp":"2025-09-26 18:31:16.216"}
{"level":"info","message":"Game state reset","metadata":{"metadata":{"service":"aln-orchestrator"}},"timestamp":"2025-09-26 18:31:16.216"}
{"level":"info","message":"Transaction service reset","metadata":{"metadata":{"service":"aln-orchestrator"}},"timestamp":"2025-09-26 18:31:16.216"}
{"level":"info","message":"Video queue service reset","metadata":{"metadata":{"service":"aln-orchestrator"}},"timestamp":"2025-09-26 18:31:16.217"}
{"level":"info","message":"Offline queue service reset","metadata":{"metadata":{"service":"aln-orchestrator"}},"timestamp":"2025-09-26 18:31:16.217"}
{"level":"info","message":"VLC service reset","metadata":{"metadata":{"service":"aln-orchestrator"}},"timestamp":"2025-09-26 18:31:16.217"}
{"level":"info","message":"Persistence service cleaned up","metadata":{"metadata":{"service":"aln-orchestrator"}},"timestamp":"2025-09-26 18:31:16.217"}
{"level":"info","message":"Session service reset","metadata":{"metadata":{"service":"aln-orchestrator"}},"timestamp":"2025-09-26 18:31:16.241"}
{"level":"info","message":"Game state reset","metadata":{"metadata":{"service":"aln-orchestrator"}},"timestamp":"2025-09-26 18:31:16.241"}
{"level":"info","message":"Session created","metadata":{"metadata":{"name":"AAAAAAAAAAAAAAAAAAAAAAAAAAAAAAAAAAAAAAAAAAAAAAAAAAAAAAAAAAAAAAAAAAAAAAAAAAAAAAAAAAAAAAAAAAAAAAAAAAAA","service":"aln-orchestrator","sessionId":"1772af6b-f765-42ba-a1a1-7e717a5599b0"}},"timestamp":"2025-09-26 18:31:16.258"}
{"level":"info","message":"Initializing transaction listeners","metadata":{"metadata":{"service":"aln-orchestrator"}},"timestamp":"2025-09-26 18:31:16.258"}
{"level":"info","message":"Request completed","metadata":{"metadata":{"ip":"::ffff:127.0.0.1","method":"POST","responseTime":"17ms","service":"aln-orchestrator","status":201,"url":"/"}},"timestamp":"2025-09-26 18:31:16.261"}
  console.log
    [IntervalTracker] Cleared 0 intervals and 1 timeouts

      at IntervalTracker.log [as clearAll] (src/utils/intervalTracker.js:116:15)

  console.log
    [Cleanup] Cleared 0 intervals and 1 timeouts

      at Object.log (jest.setup.js:59:15)

{"level":"info","message":"Starting broadcast listener cleanup","metadata":{"metadata":{"activeCount":0,"service":"aln-orchestrator"}},"timestamp":"2025-09-26 18:31:16.263"}
{"level":"info","message":"Listener registry cleanup completed","metadata":{"metadata":{"enabled":true,"service":"aln-orchestrator","services":"","totalRemoved":0}},"timestamp":"2025-09-26 18:31:16.263"}
{"level":"info","message":"Broadcast listener cleanup completed","metadata":{"metadata":{"service":"aln-orchestrator"}},"timestamp":"2025-09-26 18:31:16.263"}
{"level":"info","message":"Persistence service initialized","metadata":{"metadata":{"dataDir":"./data","service":"aln-orchestrator"}},"timestamp":"2025-09-26 18:31:16.271"}
{"level":"info","message":"Session service reset","metadata":{"metadata":{"service":"aln-orchestrator"}},"timestamp":"2025-09-26 18:31:16.271"}
{"level":"info","message":"Game state reset","metadata":{"metadata":{"service":"aln-orchestrator"}},"timestamp":"2025-09-26 18:31:16.271"}
{"level":"info","message":"Transaction service reset","metadata":{"metadata":{"service":"aln-orchestrator"}},"timestamp":"2025-09-26 18:31:16.271"}
{"level":"info","message":"Video queue service reset","metadata":{"metadata":{"service":"aln-orchestrator"}},"timestamp":"2025-09-26 18:31:16.271"}
{"level":"info","message":"Offline queue service reset","metadata":{"metadata":{"service":"aln-orchestrator"}},"timestamp":"2025-09-26 18:31:16.272"}
{"level":"info","message":"VLC service reset","metadata":{"metadata":{"service":"aln-orchestrator"}},"timestamp":"2025-09-26 18:31:16.272"}
{"level":"info","message":"Persistence service cleaned up","metadata":{"metadata":{"service":"aln-orchestrator"}},"timestamp":"2025-09-26 18:31:16.272"}
{"level":"info","message":"Session service reset","metadata":{"metadata":{"service":"aln-orchestrator"}},"timestamp":"2025-09-26 18:31:16.295"}
{"level":"info","message":"Game state reset","metadata":{"metadata":{"service":"aln-orchestrator"}},"timestamp":"2025-09-26 18:31:16.295"}
{"level":"info","message":"Session created","metadata":{"metadata":{"name":"Default Test","service":"aln-orchestrator","sessionId":"ee74c087-f6b1-4eda-a988-f59833e104bd"}},"timestamp":"2025-09-26 18:31:16.311"}
{"level":"info","message":"Initializing transaction listeners","metadata":{"metadata":{"service":"aln-orchestrator"}},"timestamp":"2025-09-26 18:31:16.312"}
{"level":"info","message":"Request completed","metadata":{"metadata":{"ip":"::ffff:127.0.0.1","method":"POST","responseTime":"16ms","service":"aln-orchestrator","status":201,"url":"/"}},"timestamp":"2025-09-26 18:31:16.314"}
  console.log
    [IntervalTracker] Cleared 0 intervals and 1 timeouts

      at IntervalTracker.log [as clearAll] (src/utils/intervalTracker.js:116:15)

  console.log
    [Cleanup] Cleared 0 intervals and 1 timeouts

      at Object.log (jest.setup.js:59:15)

{"level":"info","message":"Starting broadcast listener cleanup","metadata":{"metadata":{"activeCount":0,"service":"aln-orchestrator"}},"timestamp":"2025-09-26 18:31:16.316"}
{"level":"info","message":"Listener registry cleanup completed","metadata":{"metadata":{"enabled":true,"service":"aln-orchestrator","services":"","totalRemoved":0}},"timestamp":"2025-09-26 18:31:16.316"}
{"level":"info","message":"Broadcast listener cleanup completed","metadata":{"metadata":{"service":"aln-orchestrator"}},"timestamp":"2025-09-26 18:31:16.316"}
{"level":"info","message":"Persistence service initialized","metadata":{"metadata":{"dataDir":"./data","service":"aln-orchestrator"}},"timestamp":"2025-09-26 18:31:16.324"}
{"level":"info","message":"Session service reset","metadata":{"metadata":{"service":"aln-orchestrator"}},"timestamp":"2025-09-26 18:31:16.325"}
{"level":"info","message":"Game state reset","metadata":{"metadata":{"service":"aln-orchestrator"}},"timestamp":"2025-09-26 18:31:16.325"}
{"level":"info","message":"Transaction service reset","metadata":{"metadata":{"service":"aln-orchestrator"}},"timestamp":"2025-09-26 18:31:16.325"}
{"level":"info","message":"Video queue service reset","metadata":{"metadata":{"service":"aln-orchestrator"}},"timestamp":"2025-09-26 18:31:16.325"}
{"level":"info","message":"Offline queue service reset","metadata":{"metadata":{"service":"aln-orchestrator"}},"timestamp":"2025-09-26 18:31:16.325"}
{"level":"info","message":"VLC service reset","metadata":{"metadata":{"service":"aln-orchestrator"}},"timestamp":"2025-09-26 18:31:16.325"}
{"level":"info","message":"Persistence service cleaned up","metadata":{"metadata":{"service":"aln-orchestrator"}},"timestamp":"2025-09-26 18:31:16.325"}
{"level":"info","message":"Session service reset","metadata":{"metadata":{"service":"aln-orchestrator"}},"timestamp":"2025-09-26 18:31:16.348"}
{"level":"info","message":"Game state reset","metadata":{"metadata":{"service":"aln-orchestrator"}},"timestamp":"2025-09-26 18:31:16.349"}
{"level":"info","message":"Session created","metadata":{"metadata":{"name":"Status Code Test","service":"aln-orchestrator","sessionId":"c3efed9e-0e86-4b61-bc84-f2e081df394c"}},"timestamp":"2025-09-26 18:31:16.367"}
{"level":"info","message":"Initializing transaction listeners","metadata":{"metadata":{"service":"aln-orchestrator"}},"timestamp":"2025-09-26 18:31:16.368"}
{"level":"info","message":"Request completed","metadata":{"metadata":{"ip":"::ffff:127.0.0.1","method":"POST","responseTime":"19ms","service":"aln-orchestrator","status":201,"url":"/"}},"timestamp":"2025-09-26 18:31:16.370"}
  console.log
    [IntervalTracker] Cleared 0 intervals and 1 timeouts

      at IntervalTracker.log [as clearAll] (src/utils/intervalTracker.js:116:15)

  console.log
    [Cleanup] Cleared 0 intervals and 1 timeouts

      at Object.log (jest.setup.js:59:15)

{"level":"info","message":"Starting broadcast listener cleanup","metadata":{"metadata":{"activeCount":0,"service":"aln-orchestrator"}},"timestamp":"2025-09-26 18:31:16.372"}
{"level":"info","message":"Listener registry cleanup completed","metadata":{"metadata":{"enabled":true,"service":"aln-orchestrator","services":"","totalRemoved":0}},"timestamp":"2025-09-26 18:31:16.372"}
{"level":"info","message":"Broadcast listener cleanup completed","metadata":{"metadata":{"service":"aln-orchestrator"}},"timestamp":"2025-09-26 18:31:16.372"}
{"level":"info","message":"Persistence service initialized","metadata":{"metadata":{"dataDir":"./data","service":"aln-orchestrator"}},"timestamp":"2025-09-26 18:31:16.383"}
{"level":"info","message":"Session service reset","metadata":{"metadata":{"service":"aln-orchestrator"}},"timestamp":"2025-09-26 18:31:16.383"}
{"level":"info","message":"Game state reset","metadata":{"metadata":{"service":"aln-orchestrator"}},"timestamp":"2025-09-26 18:31:16.384"}
{"level":"info","message":"Transaction service reset","metadata":{"metadata":{"service":"aln-orchestrator"}},"timestamp":"2025-09-26 18:31:16.384"}
{"level":"info","message":"Video queue service reset","metadata":{"metadata":{"service":"aln-orchestrator"}},"timestamp":"2025-09-26 18:31:16.384"}
{"level":"info","message":"Offline queue service reset","metadata":{"metadata":{"service":"aln-orchestrator"}},"timestamp":"2025-09-26 18:31:16.384"}
{"level":"info","message":"VLC service reset","metadata":{"metadata":{"service":"aln-orchestrator"}},"timestamp":"2025-09-26 18:31:16.384"}
{"level":"info","message":"Persistence service cleaned up","metadata":{"metadata":{"service":"aln-orchestrator"}},"timestamp":"2025-09-26 18:31:16.384"}
{"level":"info","message":"Session service reset","metadata":{"metadata":{"service":"aln-orchestrator"}},"timestamp":"2025-09-26 18:31:16.406"}
{"level":"info","message":"Game state reset","metadata":{"metadata":{"service":"aln-orchestrator"}},"timestamp":"2025-09-26 18:31:16.406"}
{"level":"warn","message":"Request failed","metadata":{"metadata":{"ip":"::ffff:127.0.0.1","method":"POST","responseTime":"0ms","service":"aln-orchestrator","status":401,"url":"/"}},"timestamp":"2025-09-26 18:31:16.408"}
{"level":"info","message":"Starting broadcast listener cleanup","metadata":{"metadata":{"activeCount":0,"service":"aln-orchestrator"}},"timestamp":"2025-09-26 18:31:16.409"}
{"level":"info","message":"Listener registry cleanup completed","metadata":{"metadata":{"enabled":true,"service":"aln-orchestrator","services":"","totalRemoved":0}},"timestamp":"2025-09-26 18:31:16.409"}
{"level":"info","message":"Broadcast listener cleanup completed","metadata":{"metadata":{"service":"aln-orchestrator"}},"timestamp":"2025-09-26 18:31:16.409"}
{"level":"info","message":"Persistence service initialized","metadata":{"metadata":{"dataDir":"./data","service":"aln-orchestrator"}},"timestamp":"2025-09-26 18:31:16.431"}
{"level":"info","message":"Session service reset","metadata":{"metadata":{"service":"aln-orchestrator"}},"timestamp":"2025-09-26 18:31:16.432"}
{"level":"info","message":"Game state reset","metadata":{"metadata":{"service":"aln-orchestrator"}},"timestamp":"2025-09-26 18:31:16.432"}
{"level":"info","message":"Transaction service reset","metadata":{"metadata":{"service":"aln-orchestrator"}},"timestamp":"2025-09-26 18:31:16.432"}
{"level":"info","message":"Video queue service reset","metadata":{"metadata":{"service":"aln-orchestrator"}},"timestamp":"2025-09-26 18:31:16.432"}
{"level":"info","message":"Offline queue service reset","metadata":{"metadata":{"service":"aln-orchestrator"}},"timestamp":"2025-09-26 18:31:16.432"}
{"level":"info","message":"VLC service reset","metadata":{"metadata":{"service":"aln-orchestrator"}},"timestamp":"2025-09-26 18:31:16.432"}
{"level":"info","message":"Persistence service cleaned up","metadata":{"metadata":{"service":"aln-orchestrator"}},"timestamp":"2025-09-26 18:31:16.432"}
{"level":"info","message":"Session service reset","metadata":{"metadata":{"service":"aln-orchestrator"}},"timestamp":"2025-09-26 18:31:16.454"}
{"level":"info","message":"Game state reset","metadata":{"metadata":{"service":"aln-orchestrator"}},"timestamp":"2025-09-26 18:31:16.455"}
{"level":"warn","message":"Request failed","metadata":{"metadata":{"ip":"::ffff:127.0.0.1","method":"POST","responseTime":"0ms","service":"aln-orchestrator","status":401,"url":"/"}},"timestamp":"2025-09-26 18:31:16.457"}
{"level":"info","message":"Starting broadcast listener cleanup","metadata":{"metadata":{"activeCount":0,"service":"aln-orchestrator"}},"timestamp":"2025-09-26 18:31:16.458"}
{"level":"info","message":"Listener registry cleanup completed","metadata":{"metadata":{"enabled":true,"service":"aln-orchestrator","services":"","totalRemoved":0}},"timestamp":"2025-09-26 18:31:16.458"}
{"level":"info","message":"Broadcast listener cleanup completed","metadata":{"metadata":{"service":"aln-orchestrator"}},"timestamp":"2025-09-26 18:31:16.459"}
{"level":"info","message":"Persistence service initialized","metadata":{"metadata":{"dataDir":"./data","service":"aln-orchestrator"}},"timestamp":"2025-09-26 18:31:16.479"}
{"level":"info","message":"Session service reset","metadata":{"metadata":{"service":"aln-orchestrator"}},"timestamp":"2025-09-26 18:31:16.480"}
{"level":"info","message":"Game state reset","metadata":{"metadata":{"service":"aln-orchestrator"}},"timestamp":"2025-09-26 18:31:16.480"}
{"level":"info","message":"Transaction service reset","metadata":{"metadata":{"service":"aln-orchestrator"}},"timestamp":"2025-09-26 18:31:16.480"}
{"level":"info","message":"Video queue service reset","metadata":{"metadata":{"service":"aln-orchestrator"}},"timestamp":"2025-09-26 18:31:16.480"}
{"level":"info","message":"Offline queue service reset","metadata":{"metadata":{"service":"aln-orchestrator"}},"timestamp":"2025-09-26 18:31:16.480"}
{"level":"info","message":"VLC service reset","metadata":{"metadata":{"service":"aln-orchestrator"}},"timestamp":"2025-09-26 18:31:16.480"}
{"level":"info","message":"Persistence service cleaned up","metadata":{"metadata":{"service":"aln-orchestrator"}},"timestamp":"2025-09-26 18:31:16.480"}
{"level":"info","message":"Session service reset","metadata":{"metadata":{"service":"aln-orchestrator"}},"timestamp":"2025-09-26 18:31:16.500"}
{"level":"info","message":"Game state reset","metadata":{"metadata":{"service":"aln-orchestrator"}},"timestamp":"2025-09-26 18:31:16.500"}
{"level":"warn","message":"Request failed","metadata":{"metadata":{"ip":"::ffff:127.0.0.1","method":"POST","responseTime":"2ms","service":"aln-orchestrator","status":400,"url":"/"}},"timestamp":"2025-09-26 18:31:16.537"}
{"level":"info","message":"Starting broadcast listener cleanup","metadata":{"metadata":{"activeCount":0,"service":"aln-orchestrator"}},"timestamp":"2025-09-26 18:31:16.538"}
{"level":"info","message":"Listener registry cleanup completed","metadata":{"metadata":{"enabled":true,"service":"aln-orchestrator","services":"","totalRemoved":0}},"timestamp":"2025-09-26 18:31:16.538"}
{"level":"info","message":"Broadcast listener cleanup completed","metadata":{"metadata":{"service":"aln-orchestrator"}},"timestamp":"2025-09-26 18:31:16.538"}
{"level":"info","message":"Persistence service initialized","metadata":{"metadata":{"dataDir":"./data","service":"aln-orchestrator"}},"timestamp":"2025-09-26 18:31:16.561"}
{"level":"info","message":"Session service reset","metadata":{"metadata":{"service":"aln-orchestrator"}},"timestamp":"2025-09-26 18:31:16.564"}
{"level":"info","message":"Game state reset","metadata":{"metadata":{"service":"aln-orchestrator"}},"timestamp":"2025-09-26 18:31:16.564"}
{"level":"info","message":"Transaction service reset","metadata":{"metadata":{"service":"aln-orchestrator"}},"timestamp":"2025-09-26 18:31:16.564"}
{"level":"info","message":"Video queue service reset","metadata":{"metadata":{"service":"aln-orchestrator"}},"timestamp":"2025-09-26 18:31:16.564"}
{"level":"info","message":"Offline queue service reset","metadata":{"metadata":{"service":"aln-orchestrator"}},"timestamp":"2025-09-26 18:31:16.564"}
{"level":"info","message":"VLC service reset","metadata":{"metadata":{"service":"aln-orchestrator"}},"timestamp":"2025-09-26 18:31:16.564"}
{"level":"info","message":"Persistence service cleaned up","metadata":{"metadata":{"service":"aln-orchestrator"}},"timestamp":"2025-09-26 18:31:16.564"}
{"level":"info","message":"Session service reset","metadata":{"metadata":{"service":"aln-orchestrator"}},"timestamp":"2025-09-26 18:31:16.585"}
{"level":"info","message":"Game state reset","metadata":{"metadata":{"service":"aln-orchestrator"}},"timestamp":"2025-09-26 18:31:16.585"}
{"level":"warn","message":"Request failed","metadata":{"metadata":{"ip":"::ffff:127.0.0.1","method":"POST","responseTime":"1ms","service":"aln-orchestrator","status":400,"url":"/"}},"timestamp":"2025-09-26 18:31:16.589"}
{"level":"info","message":"Starting broadcast listener cleanup","metadata":{"metadata":{"activeCount":0,"service":"aln-orchestrator"}},"timestamp":"2025-09-26 18:31:16.591"}
{"level":"info","message":"Listener registry cleanup completed","metadata":{"metadata":{"enabled":true,"service":"aln-orchestrator","services":"","totalRemoved":0}},"timestamp":"2025-09-26 18:31:16.591"}
{"level":"info","message":"Broadcast listener cleanup completed","metadata":{"metadata":{"service":"aln-orchestrator"}},"timestamp":"2025-09-26 18:31:16.591"}
{"level":"info","message":"Persistence service initialized","metadata":{"metadata":{"dataDir":"./data","service":"aln-orchestrator"}},"timestamp":"2025-09-26 18:31:16.613"}
{"level":"info","message":"Session service reset","metadata":{"metadata":{"service":"aln-orchestrator"}},"timestamp":"2025-09-26 18:31:16.613"}
{"level":"info","message":"Game state reset","metadata":{"metadata":{"service":"aln-orchestrator"}},"timestamp":"2025-09-26 18:31:16.614"}
{"level":"info","message":"Transaction service reset","metadata":{"metadata":{"service":"aln-orchestrator"}},"timestamp":"2025-09-26 18:31:16.614"}
{"level":"info","message":"Video queue service reset","metadata":{"metadata":{"service":"aln-orchestrator"}},"timestamp":"2025-09-26 18:31:16.614"}
{"level":"info","message":"Offline queue service reset","metadata":{"metadata":{"service":"aln-orchestrator"}},"timestamp":"2025-09-26 18:31:16.614"}
{"level":"info","message":"VLC service reset","metadata":{"metadata":{"service":"aln-orchestrator"}},"timestamp":"2025-09-26 18:31:16.614"}
{"level":"info","message":"Persistence service cleaned up","metadata":{"metadata":{"service":"aln-orchestrator"}},"timestamp":"2025-09-26 18:31:16.614"}
{"level":"info","message":"Session service reset","metadata":{"metadata":{"service":"aln-orchestrator"}},"timestamp":"2025-09-26 18:31:16.635"}
{"level":"info","message":"Game state reset","metadata":{"metadata":{"service":"aln-orchestrator"}},"timestamp":"2025-09-26 18:31:16.635"}
{"level":"warn","message":"Request failed","metadata":{"metadata":{"ip":"::ffff:127.0.0.1","method":"POST","responseTime":"1ms","service":"aln-orchestrator","status":400,"url":"/"}},"timestamp":"2025-09-26 18:31:16.638"}
{"level":"info","message":"Starting broadcast listener cleanup","metadata":{"metadata":{"activeCount":0,"service":"aln-orchestrator"}},"timestamp":"2025-09-26 18:31:16.639"}
{"level":"info","message":"Listener registry cleanup completed","metadata":{"metadata":{"enabled":true,"service":"aln-orchestrator","services":"","totalRemoved":0}},"timestamp":"2025-09-26 18:31:16.639"}
{"level":"info","message":"Broadcast listener cleanup completed","metadata":{"metadata":{"service":"aln-orchestrator"}},"timestamp":"2025-09-26 18:31:16.639"}
{"level":"info","message":"Persistence service initialized","metadata":{"metadata":{"dataDir":"./data","service":"aln-orchestrator"}},"timestamp":"2025-09-26 18:31:16.662"}
{"level":"info","message":"Session service reset","metadata":{"metadata":{"service":"aln-orchestrator"}},"timestamp":"2025-09-26 18:31:16.662"}
{"level":"info","message":"Game state reset","metadata":{"metadata":{"service":"aln-orchestrator"}},"timestamp":"2025-09-26 18:31:16.662"}
{"level":"info","message":"Transaction service reset","metadata":{"metadata":{"service":"aln-orchestrator"}},"timestamp":"2025-09-26 18:31:16.662"}
{"level":"info","message":"Video queue service reset","metadata":{"metadata":{"service":"aln-orchestrator"}},"timestamp":"2025-09-26 18:31:16.662"}
{"level":"info","message":"Offline queue service reset","metadata":{"metadata":{"service":"aln-orchestrator"}},"timestamp":"2025-09-26 18:31:16.663"}
{"level":"info","message":"VLC service reset","metadata":{"metadata":{"service":"aln-orchestrator"}},"timestamp":"2025-09-26 18:31:16.663"}
{"level":"info","message":"Persistence service cleaned up","metadata":{"metadata":{"service":"aln-orchestrator"}},"timestamp":"2025-09-26 18:31:16.663"}
{"level":"info","message":"Session service reset","metadata":{"metadata":{"service":"aln-orchestrator"}},"timestamp":"2025-09-26 18:31:16.686"}
{"level":"info","message":"Game state reset","metadata":{"metadata":{"service":"aln-orchestrator"}},"timestamp":"2025-09-26 18:31:16.686"}
{"level":"warn","message":"Request failed","metadata":{"metadata":{"ip":"::ffff:127.0.0.1","method":"POST","responseTime":"1ms","service":"aln-orchestrator","status":400,"url":"/"}},"timestamp":"2025-09-26 18:31:16.689"}
{"level":"info","message":"Starting broadcast listener cleanup","metadata":{"metadata":{"activeCount":0,"service":"aln-orchestrator"}},"timestamp":"2025-09-26 18:31:16.690"}
{"level":"info","message":"Listener registry cleanup completed","metadata":{"metadata":{"enabled":true,"service":"aln-orchestrator","services":"","totalRemoved":0}},"timestamp":"2025-09-26 18:31:16.690"}
{"level":"info","message":"Broadcast listener cleanup completed","metadata":{"metadata":{"service":"aln-orchestrator"}},"timestamp":"2025-09-26 18:31:16.690"}
{"level":"info","message":"Persistence service initialized","metadata":{"metadata":{"dataDir":"./data","service":"aln-orchestrator"}},"timestamp":"2025-09-26 18:31:16.709"}
{"level":"info","message":"Session service reset","metadata":{"metadata":{"service":"aln-orchestrator"}},"timestamp":"2025-09-26 18:31:16.712"}
{"level":"info","message":"Game state reset","metadata":{"metadata":{"service":"aln-orchestrator"}},"timestamp":"2025-09-26 18:31:16.712"}
{"level":"info","message":"Transaction service reset","metadata":{"metadata":{"service":"aln-orchestrator"}},"timestamp":"2025-09-26 18:31:16.713"}
{"level":"info","message":"Video queue service reset","metadata":{"metadata":{"service":"aln-orchestrator"}},"timestamp":"2025-09-26 18:31:16.713"}
{"level":"info","message":"Offline queue service reset","metadata":{"metadata":{"service":"aln-orchestrator"}},"timestamp":"2025-09-26 18:31:16.713"}
{"level":"info","message":"VLC service reset","metadata":{"metadata":{"service":"aln-orchestrator"}},"timestamp":"2025-09-26 18:31:16.713"}
{"level":"info","message":"Persistence service cleaned up","metadata":{"metadata":{"service":"aln-orchestrator"}},"timestamp":"2025-09-26 18:31:16.713"}
{"level":"info","message":"Session service reset","metadata":{"metadata":{"service":"aln-orchestrator"}},"timestamp":"2025-09-26 18:31:16.730"}
{"level":"info","message":"Game state reset","metadata":{"metadata":{"service":"aln-orchestrator"}},"timestamp":"2025-09-26 18:31:16.730"}
{"level":"warn","message":"Request failed","metadata":{"metadata":{"ip":"::ffff:127.0.0.1","method":"POST","responseTime":"0ms","service":"aln-orchestrator","status":400,"url":"/"}},"timestamp":"2025-09-26 18:31:16.734"}
{"level":"info","message":"Starting broadcast listener cleanup","metadata":{"metadata":{"activeCount":0,"service":"aln-orchestrator"}},"timestamp":"2025-09-26 18:31:16.734"}
{"level":"info","message":"Listener registry cleanup completed","metadata":{"metadata":{"enabled":true,"service":"aln-orchestrator","services":"","totalRemoved":0}},"timestamp":"2025-09-26 18:31:16.735"}
{"level":"info","message":"Broadcast listener cleanup completed","metadata":{"metadata":{"service":"aln-orchestrator"}},"timestamp":"2025-09-26 18:31:16.735"}
{"level":"info","message":"Persistence service initialized","metadata":{"metadata":{"dataDir":"./data","service":"aln-orchestrator"}},"timestamp":"2025-09-26 18:31:16.757"}
{"level":"info","message":"Session service reset","metadata":{"metadata":{"service":"aln-orchestrator"}},"timestamp":"2025-09-26 18:31:16.758"}
{"level":"info","message":"Game state reset","metadata":{"metadata":{"service":"aln-orchestrator"}},"timestamp":"2025-09-26 18:31:16.758"}
{"level":"info","message":"Transaction service reset","metadata":{"metadata":{"service":"aln-orchestrator"}},"timestamp":"2025-09-26 18:31:16.758"}
{"level":"info","message":"Video queue service reset","metadata":{"metadata":{"service":"aln-orchestrator"}},"timestamp":"2025-09-26 18:31:16.758"}
{"level":"info","message":"Offline queue service reset","metadata":{"metadata":{"service":"aln-orchestrator"}},"timestamp":"2025-09-26 18:31:16.758"}
{"level":"info","message":"VLC service reset","metadata":{"metadata":{"service":"aln-orchestrator"}},"timestamp":"2025-09-26 18:31:16.758"}
{"level":"info","message":"Persistence service cleaned up","metadata":{"metadata":{"service":"aln-orchestrator"}},"timestamp":"2025-09-26 18:31:16.758"}
{"level":"info","message":"Session service reset","metadata":{"metadata":{"service":"aln-orchestrator"}},"timestamp":"2025-09-26 18:31:16.778"}
{"level":"info","message":"Game state reset","metadata":{"metadata":{"service":"aln-orchestrator"}},"timestamp":"2025-09-26 18:31:16.779"}
{"level":"info","message":"Session created","metadata":{"metadata":{"name":"Test Session","service":"aln-orchestrator","sessionId":"3a24cda9-a175-488f-9163-a8a9a47922cf"}},"timestamp":"2025-09-26 18:31:16.795"}
{"level":"info","message":"Initializing transaction listeners","metadata":{"metadata":{"service":"aln-orchestrator"}},"timestamp":"2025-09-26 18:31:16.796"}
{"level":"info","message":"Request completed","metadata":{"metadata":{"ip":"::ffff:127.0.0.1","method":"POST","responseTime":"17ms","service":"aln-orchestrator","status":201,"url":"/"}},"timestamp":"2025-09-26 18:31:16.798"}
  console.log
    [IntervalTracker] Cleared 0 intervals and 1 timeouts

      at IntervalTracker.log [as clearAll] (src/utils/intervalTracker.js:116:15)

  console.log
    [Cleanup] Cleared 0 intervals and 1 timeouts

      at Object.log (jest.setup.js:59:15)

{"level":"info","message":"Starting broadcast listener cleanup","metadata":{"metadata":{"activeCount":0,"service":"aln-orchestrator"}},"timestamp":"2025-09-26 18:31:16.800"}
{"level":"info","message":"Listener registry cleanup completed","metadata":{"metadata":{"enabled":true,"service":"aln-orchestrator","services":"","totalRemoved":0}},"timestamp":"2025-09-26 18:31:16.800"}
{"level":"info","message":"Broadcast listener cleanup completed","metadata":{"metadata":{"service":"aln-orchestrator"}},"timestamp":"2025-09-26 18:31:16.800"}
{"level":"info","message":"Persistence service initialized","metadata":{"metadata":{"dataDir":"./data","service":"aln-orchestrator"}},"timestamp":"2025-09-26 18:31:16.808"}
{"level":"info","message":"Session service reset","metadata":{"metadata":{"service":"aln-orchestrator"}},"timestamp":"2025-09-26 18:31:16.809"}
{"level":"info","message":"Game state reset","metadata":{"metadata":{"service":"aln-orchestrator"}},"timestamp":"2025-09-26 18:31:16.809"}
{"level":"info","message":"Transaction service reset","metadata":{"metadata":{"service":"aln-orchestrator"}},"timestamp":"2025-09-26 18:31:16.809"}
{"level":"info","message":"Video queue service reset","metadata":{"metadata":{"service":"aln-orchestrator"}},"timestamp":"2025-09-26 18:31:16.809"}
{"level":"info","message":"Offline queue service reset","metadata":{"metadata":{"service":"aln-orchestrator"}},"timestamp":"2025-09-26 18:31:16.809"}
{"level":"info","message":"VLC service reset","metadata":{"metadata":{"service":"aln-orchestrator"}},"timestamp":"2025-09-26 18:31:16.809"}
{"level":"info","message":"Persistence service cleaned up","metadata":{"metadata":{"service":"aln-orchestrator"}},"timestamp":"2025-09-26 18:31:16.809"}
{"level":"info","message":"Session service reset","metadata":{"metadata":{"service":"aln-orchestrator"}},"timestamp":"2025-09-26 18:31:16.830"}
{"level":"info","message":"Game state reset","metadata":{"metadata":{"service":"aln-orchestrator"}},"timestamp":"2025-09-26 18:31:16.830"}
{"level":"info","message":"Session created","metadata":{"metadata":{"name":"First Session","service":"aln-orchestrator","sessionId":"583423e5-4fce-49e4-ae1b-e7576aae3063"}},"timestamp":"2025-09-26 18:31:16.843"}
{"level":"info","message":"Initializing transaction listeners","metadata":{"metadata":{"service":"aln-orchestrator"}},"timestamp":"2025-09-26 18:31:16.844"}
{"level":"info","message":"Request completed","metadata":{"metadata":{"ip":"::ffff:127.0.0.1","method":"POST","responseTime":"16ms","service":"aln-orchestrator","status":201,"url":"/"}},"timestamp":"2025-09-26 18:31:16.848"}
{"level":"info","message":"Session backed up","metadata":{"metadata":{"service":"aln-orchestrator","sessionId":"583423e5-4fce-49e4-ae1b-e7576aae3063"}},"timestamp":"2025-09-26 18:31:16.852"}
{"level":"info","message":"Session ended","metadata":{"metadata":{"service":"aln-orchestrator","sessionId":"583423e5-4fce-49e4-ae1b-e7576aae3063"}},"timestamp":"2025-09-26 18:31:16.852"}
{"level":"info","message":"Session created","metadata":{"metadata":{"name":"Second Session","service":"aln-orchestrator","sessionId":"e12779a6-fd64-4fdc-b0c6-d95073ad2efc"}},"timestamp":"2025-09-26 18:31:16.852"}
{"level":"info","message":"Request completed","metadata":{"metadata":{"ip":"::ffff:127.0.0.1","method":"POST","responseTime":"3ms","service":"aln-orchestrator","status":201,"url":"/"}},"timestamp":"2025-09-26 18:31:16.853"}
{"level":"info","message":"Request completed","metadata":{"metadata":{"ip":"::ffff:127.0.0.1","method":"GET","responseTime":"0ms","service":"aln-orchestrator","status":200,"url":"/"}},"timestamp":"2025-09-26 18:31:16.860"}
  console.log
    [IntervalTracker] Cleared 0 intervals and 1 timeouts

      at IntervalTracker.log [as clearAll] (src/utils/intervalTracker.js:116:15)

  console.log
    [Cleanup] Cleared 0 intervals and 1 timeouts

      at Object.log (jest.setup.js:59:15)

{"level":"info","message":"Starting broadcast listener cleanup","metadata":{"metadata":{"activeCount":0,"service":"aln-orchestrator"}},"timestamp":"2025-09-26 18:31:16.862"}
{"level":"info","message":"Listener registry cleanup completed","metadata":{"metadata":{"enabled":true,"service":"aln-orchestrator","services":"","totalRemoved":0}},"timestamp":"2025-09-26 18:31:16.862"}
{"level":"info","message":"Broadcast listener cleanup completed","metadata":{"metadata":{"service":"aln-orchestrator"}},"timestamp":"2025-09-26 18:31:16.862"}
{"level":"info","message":"Persistence service initialized","metadata":{"metadata":{"dataDir":"./data","service":"aln-orchestrator"}},"timestamp":"2025-09-26 18:31:16.870"}
{"level":"info","message":"Session service reset","metadata":{"metadata":{"service":"aln-orchestrator"}},"timestamp":"2025-09-26 18:31:16.871"}
{"level":"info","message":"Game state reset","metadata":{"metadata":{"service":"aln-orchestrator"}},"timestamp":"2025-09-26 18:31:16.871"}
{"level":"info","message":"Transaction service reset","metadata":{"metadata":{"service":"aln-orchestrator"}},"timestamp":"2025-09-26 18:31:16.871"}
{"level":"info","message":"Video queue service reset","metadata":{"metadata":{"service":"aln-orchestrator"}},"timestamp":"2025-09-26 18:31:16.871"}
{"level":"info","message":"Offline queue service reset","metadata":{"metadata":{"service":"aln-orchestrator"}},"timestamp":"2025-09-26 18:31:16.872"}
{"level":"info","message":"VLC service reset","metadata":{"metadata":{"service":"aln-orchestrator"}},"timestamp":"2025-09-26 18:31:16.872"}
{"level":"info","message":"Persistence service cleaned up","metadata":{"metadata":{"service":"aln-orchestrator"}},"timestamp":"2025-09-26 18:31:16.872"}
{"level":"info","message":"Session service reset","metadata":{"metadata":{"service":"aln-orchestrator"}},"timestamp":"2025-09-26 18:31:16.893"}
{"level":"info","message":"Game state reset","metadata":{"metadata":{"service":"aln-orchestrator"}},"timestamp":"2025-09-26 18:31:16.894"}
{"level":"info","message":"Session created","metadata":{"metadata":{"name":"Metadata Test","service":"aln-orchestrator","sessionId":"2c89d1ad-5dc2-44d9-99ff-94e9d852ab1b"}},"timestamp":"2025-09-26 18:31:16.908"}
{"level":"info","message":"Initializing transaction listeners","metadata":{"metadata":{"service":"aln-orchestrator"}},"timestamp":"2025-09-26 18:31:16.908"}
{"level":"info","message":"Request completed","metadata":{"metadata":{"ip":"::ffff:127.0.0.1","method":"POST","responseTime":"14ms","service":"aln-orchestrator","status":201,"url":"/"}},"timestamp":"2025-09-26 18:31:16.910"}
  console.log
    [IntervalTracker] Cleared 0 intervals and 1 timeouts

      at IntervalTracker.log [as clearAll] (src/utils/intervalTracker.js:116:15)

  console.log
    [Cleanup] Cleared 0 intervals and 1 timeouts

      at Object.log (jest.setup.js:59:15)

{"level":"info","message":"Starting broadcast listener cleanup","metadata":{"metadata":{"activeCount":0,"service":"aln-orchestrator"}},"timestamp":"2025-09-26 18:31:16.913"}
{"level":"info","message":"Listener registry cleanup completed","metadata":{"metadata":{"enabled":true,"service":"aln-orchestrator","services":"","totalRemoved":0}},"timestamp":"2025-09-26 18:31:16.913"}
{"level":"info","message":"Broadcast listener cleanup completed","metadata":{"metadata":{"service":"aln-orchestrator"}},"timestamp":"2025-09-26 18:31:16.913"}
{"level":"info","message":"Persistence service initialized","metadata":{"metadata":{"dataDir":"./data","service":"aln-orchestrator"}},"timestamp":"2025-09-26 18:31:16.923"}
{"level":"info","message":"Session service reset","metadata":{"metadata":{"service":"aln-orchestrator"}},"timestamp":"2025-09-26 18:31:16.925"}
{"level":"info","message":"Game state reset","metadata":{"metadata":{"service":"aln-orchestrator"}},"timestamp":"2025-09-26 18:31:16.925"}
{"level":"info","message":"Transaction service reset","metadata":{"metadata":{"service":"aln-orchestrator"}},"timestamp":"2025-09-26 18:31:16.925"}
{"level":"info","message":"Video queue service reset","metadata":{"metadata":{"service":"aln-orchestrator"}},"timestamp":"2025-09-26 18:31:16.925"}
{"level":"info","message":"Offline queue service reset","metadata":{"metadata":{"service":"aln-orchestrator"}},"timestamp":"2025-09-26 18:31:16.925"}
{"level":"info","message":"VLC service reset","metadata":{"metadata":{"service":"aln-orchestrator"}},"timestamp":"2025-09-26 18:31:16.926"}
{"level":"info","message":"Persistence service cleaned up","metadata":{"metadata":{"service":"aln-orchestrator"}},"timestamp":"2025-09-26 18:31:16.926"}
{"level":"info","message":"Session service reset","metadata":{"metadata":{"service":"aln-orchestrator"}},"timestamp":"2025-09-26 18:31:16.962"}
{"level":"info","message":"Game state reset","metadata":{"metadata":{"service":"aln-orchestrator"}},"timestamp":"2025-09-26 18:31:16.962"}
{"level":"info","message":"Session created","metadata":{"metadata":{"name":"Unique Test 0","service":"aln-orchestrator","sessionId":"9bbccd0e-c06a-43c0-b11d-94aac5e5c583"}},"timestamp":"2025-09-26 18:31:16.978"}
{"level":"info","message":"Initializing transaction listeners","metadata":{"metadata":{"service":"aln-orchestrator"}},"timestamp":"2025-09-26 18:31:16.978"}
{"level":"info","message":"Request completed","metadata":{"metadata":{"ip":"::ffff:127.0.0.1","method":"POST","responseTime":"15ms","service":"aln-orchestrator","status":201,"url":"/"}},"timestamp":"2025-09-26 18:31:16.980"}
{"level":"info","message":"Session backed up","metadata":{"metadata":{"service":"aln-orchestrator","sessionId":"9bbccd0e-c06a-43c0-b11d-94aac5e5c583"}},"timestamp":"2025-09-26 18:31:16.984"}
{"level":"info","message":"Session ended","metadata":{"metadata":{"service":"aln-orchestrator","sessionId":"9bbccd0e-c06a-43c0-b11d-94aac5e5c583"}},"timestamp":"2025-09-26 18:31:16.984"}
{"level":"info","message":"Session created","metadata":{"metadata":{"name":"Unique Test 1","service":"aln-orchestrator","sessionId":"43fb0f8e-db91-4dc4-baf1-dd913d2ee020"}},"timestamp":"2025-09-26 18:31:16.985"}
{"level":"info","message":"Request completed","metadata":{"metadata":{"ip":"::ffff:127.0.0.1","method":"POST","responseTime":"3ms","service":"aln-orchestrator","status":201,"url":"/"}},"timestamp":"2025-09-26 18:31:16.986"}
{"level":"info","message":"Session backed up","metadata":{"metadata":{"service":"aln-orchestrator","sessionId":"43fb0f8e-db91-4dc4-baf1-dd913d2ee020"}},"timestamp":"2025-09-26 18:31:16.995"}
{"level":"info","message":"Session ended","metadata":{"metadata":{"service":"aln-orchestrator","sessionId":"43fb0f8e-db91-4dc4-baf1-dd913d2ee020"}},"timestamp":"2025-09-26 18:31:16.995"}
{"level":"info","message":"Session created","metadata":{"metadata":{"name":"Unique Test 2","service":"aln-orchestrator","sessionId":"37cb6d2b-6801-4bd6-87fe-1d5849a98a4e"}},"timestamp":"2025-09-26 18:31:16.995"}
{"level":"info","message":"Request completed","metadata":{"metadata":{"ip":"::ffff:127.0.0.1","method":"POST","responseTime":"3ms","service":"aln-orchestrator","status":201,"url":"/"}},"timestamp":"2025-09-26 18:31:16.996"}
{"level":"info","message":"Session backed up","metadata":{"metadata":{"service":"aln-orchestrator","sessionId":"37cb6d2b-6801-4bd6-87fe-1d5849a98a4e"}},"timestamp":"2025-09-26 18:31:17.005"}
{"level":"info","message":"Session ended","metadata":{"metadata":{"service":"aln-orchestrator","sessionId":"37cb6d2b-6801-4bd6-87fe-1d5849a98a4e"}},"timestamp":"2025-09-26 18:31:17.005"}
{"level":"info","message":"Session created","metadata":{"metadata":{"name":"Unique Test 3","service":"aln-orchestrator","sessionId":"5d4768f0-1cab-4d7e-837b-6222b121a900"}},"timestamp":"2025-09-26 18:31:17.005"}
{"level":"info","message":"Request completed","metadata":{"metadata":{"ip":"::ffff:127.0.0.1","method":"POST","responseTime":"3ms","service":"aln-orchestrator","status":201,"url":"/"}},"timestamp":"2025-09-26 18:31:17.006"}
{"level":"info","message":"Session backed up","metadata":{"metadata":{"service":"aln-orchestrator","sessionId":"5d4768f0-1cab-4d7e-837b-6222b121a900"}},"timestamp":"2025-09-26 18:31:17.015"}
{"level":"info","message":"Session ended","metadata":{"metadata":{"service":"aln-orchestrator","sessionId":"5d4768f0-1cab-4d7e-837b-6222b121a900"}},"timestamp":"2025-09-26 18:31:17.015"}
{"level":"info","message":"Session created","metadata":{"metadata":{"name":"Unique Test 4","service":"aln-orchestrator","sessionId":"d515a2c4-178e-4ef6-95fb-d9f346cb7daf"}},"timestamp":"2025-09-26 18:31:17.015"}
{"level":"info","message":"Request completed","metadata":{"metadata":{"ip":"::ffff:127.0.0.1","method":"POST","responseTime":"3ms","service":"aln-orchestrator","status":201,"url":"/"}},"timestamp":"2025-09-26 18:31:17.016"}
  console.log
    [IntervalTracker] Cleared 0 intervals and 1 timeouts

      at IntervalTracker.log [as clearAll] (src/utils/intervalTracker.js:116:15)

  console.log
    [Cleanup] Cleared 0 intervals and 1 timeouts

      at Object.log (jest.setup.js:59:15)

{"level":"info","message":"Starting broadcast listener cleanup","metadata":{"metadata":{"activeCount":0,"service":"aln-orchestrator"}},"timestamp":"2025-09-26 18:31:17.018"}
{"level":"info","message":"Listener registry cleanup completed","metadata":{"metadata":{"enabled":true,"service":"aln-orchestrator","services":"","totalRemoved":0}},"timestamp":"2025-09-26 18:31:17.018"}
{"level":"info","message":"Broadcast listener cleanup completed","metadata":{"metadata":{"service":"aln-orchestrator"}},"timestamp":"2025-09-26 18:31:17.018"}
{"level":"info","message":"Persistence service initialized","metadata":{"metadata":{"dataDir":"./data","service":"aln-orchestrator"}},"timestamp":"2025-09-26 18:31:17.026"}
{"level":"info","message":"Session service reset","metadata":{"metadata":{"service":"aln-orchestrator"}},"timestamp":"2025-09-26 18:31:17.028"}
{"level":"info","message":"Game state reset","metadata":{"metadata":{"service":"aln-orchestrator"}},"timestamp":"2025-09-26 18:31:17.028"}
{"level":"info","message":"Transaction service reset","metadata":{"metadata":{"service":"aln-orchestrator"}},"timestamp":"2025-09-26 18:31:17.028"}
{"level":"info","message":"Video queue service reset","metadata":{"metadata":{"service":"aln-orchestrator"}},"timestamp":"2025-09-26 18:31:17.028"}
{"level":"info","message":"Offline queue service reset","metadata":{"metadata":{"service":"aln-orchestrator"}},"timestamp":"2025-09-26 18:31:17.028"}
{"level":"info","message":"VLC service reset","metadata":{"metadata":{"service":"aln-orchestrator"}},"timestamp":"2025-09-26 18:31:17.028"}
{"level":"info","message":"Persistence service cleaned up","metadata":{"metadata":{"service":"aln-orchestrator"}},"timestamp":"2025-09-26 18:31:17.029"}
{"level":"info","message":"Session service reset","metadata":{"metadata":{"service":"aln-orchestrator"}},"timestamp":"2025-09-26 18:31:17.046"}
{"level":"info","message":"Game state reset","metadata":{"metadata":{"service":"aln-orchestrator"}},"timestamp":"2025-09-26 18:31:17.046"}
{"level":"info","message":"Session created","metadata":{"metadata":{"name":"Timestamp Test","service":"aln-orchestrator","sessionId":"9f3bfede-7a12-47d3-ab16-1982d2969068"}},"timestamp":"2025-09-26 18:31:17.064"}
{"level":"info","message":"Initializing transaction listeners","metadata":{"metadata":{"service":"aln-orchestrator"}},"timestamp":"2025-09-26 18:31:17.064"}
{"level":"info","message":"Request completed","metadata":{"metadata":{"ip":"::ffff:127.0.0.1","method":"POST","responseTime":"17ms","service":"aln-orchestrator","status":201,"url":"/"}},"timestamp":"2025-09-26 18:31:17.066"}
  console.log
    [IntervalTracker] Cleared 0 intervals and 1 timeouts

      at IntervalTracker.log [as clearAll] (src/utils/intervalTracker.js:116:15)

  console.log
    [Cleanup] Cleared 0 intervals and 1 timeouts

      at Object.log (jest.setup.js:59:15)

{"level":"info","message":"Starting broadcast listener cleanup","metadata":{"metadata":{"activeCount":0,"service":"aln-orchestrator"}},"timestamp":"2025-09-26 18:31:17.068"}
{"level":"info","message":"Listener registry cleanup completed","metadata":{"metadata":{"enabled":true,"service":"aln-orchestrator","services":"","totalRemoved":0}},"timestamp":"2025-09-26 18:31:17.068"}
{"level":"info","message":"Broadcast listener cleanup completed","metadata":{"metadata":{"service":"aln-orchestrator"}},"timestamp":"2025-09-26 18:31:17.068"}
{"level":"info","message":"Persistence service initialized","metadata":{"metadata":{"dataDir":"./data","service":"aln-orchestrator"}},"timestamp":"2025-09-26 18:31:17.075"}
{"level":"info","message":"Session service reset","metadata":{"metadata":{"service":"aln-orchestrator"}},"timestamp":"2025-09-26 18:31:17.075"}
{"level":"info","message":"Game state reset","metadata":{"metadata":{"service":"aln-orchestrator"}},"timestamp":"2025-09-26 18:31:17.076"}
{"level":"info","message":"Transaction service reset","metadata":{"metadata":{"service":"aln-orchestrator"}},"timestamp":"2025-09-26 18:31:17.076"}
{"level":"info","message":"Video queue service reset","metadata":{"metadata":{"service":"aln-orchestrator"}},"timestamp":"2025-09-26 18:31:17.076"}
{"level":"info","message":"Offline queue service reset","metadata":{"metadata":{"service":"aln-orchestrator"}},"timestamp":"2025-09-26 18:31:17.076"}
{"level":"info","message":"VLC service reset","metadata":{"metadata":{"service":"aln-orchestrator"}},"timestamp":"2025-09-26 18:31:17.076"}
{"level":"info","message":"Persistence service cleaned up","metadata":{"metadata":{"service":"aln-orchestrator"}},"timestamp":"2025-09-26 18:31:17.076"}
{"level":"info","message":"Session service reset","metadata":{"metadata":{"service":"aln-orchestrator"}},"timestamp":"2025-09-26 18:31:17.097"}
{"level":"info","message":"Game state reset","metadata":{"metadata":{"service":"aln-orchestrator"}},"timestamp":"2025-09-26 18:31:17.097"}
{"level":"info","message":"Session created","metadata":{"metadata":{"name":"Bearer Test","service":"aln-orchestrator","sessionId":"df3eab2c-fd6a-4236-bc1c-971f5d0bf185"}},"timestamp":"2025-09-26 18:31:17.112"}
{"level":"info","message":"Initializing transaction listeners","metadata":{"metadata":{"service":"aln-orchestrator"}},"timestamp":"2025-09-26 18:31:17.112"}
{"level":"info","message":"Request completed","metadata":{"metadata":{"ip":"::ffff:127.0.0.1","method":"POST","responseTime":"15ms","service":"aln-orchestrator","status":201,"url":"/"}},"timestamp":"2025-09-26 18:31:17.114"}
  console.log
    [IntervalTracker] Cleared 0 intervals and 1 timeouts

      at IntervalTracker.log [as clearAll] (src/utils/intervalTracker.js:116:15)

  console.log
    [Cleanup] Cleared 0 intervals and 1 timeouts

      at Object.log (jest.setup.js:59:15)

{"level":"info","message":"Starting broadcast listener cleanup","metadata":{"metadata":{"activeCount":0,"service":"aln-orchestrator"}},"timestamp":"2025-09-26 18:31:17.116"}
{"level":"info","message":"Listener registry cleanup completed","metadata":{"metadata":{"enabled":true,"service":"aln-orchestrator","services":"","totalRemoved":0}},"timestamp":"2025-09-26 18:31:17.116"}
{"level":"info","message":"Broadcast listener cleanup completed","metadata":{"metadata":{"service":"aln-orchestrator"}},"timestamp":"2025-09-26 18:31:17.116"}
{"level":"info","message":"Persistence service initialized","metadata":{"metadata":{"dataDir":"./data","service":"aln-orchestrator"}},"timestamp":"2025-09-26 18:31:17.123"}
{"level":"info","message":"Session service reset","metadata":{"metadata":{"service":"aln-orchestrator"}},"timestamp":"2025-09-26 18:31:17.124"}
{"level":"info","message":"Game state reset","metadata":{"metadata":{"service":"aln-orchestrator"}},"timestamp":"2025-09-26 18:31:17.124"}
{"level":"info","message":"Transaction service reset","metadata":{"metadata":{"service":"aln-orchestrator"}},"timestamp":"2025-09-26 18:31:17.124"}
{"level":"info","message":"Video queue service reset","metadata":{"metadata":{"service":"aln-orchestrator"}},"timestamp":"2025-09-26 18:31:17.124"}
{"level":"info","message":"Offline queue service reset","metadata":{"metadata":{"service":"aln-orchestrator"}},"timestamp":"2025-09-26 18:31:17.125"}
{"level":"info","message":"VLC service reset","metadata":{"metadata":{"service":"aln-orchestrator"}},"timestamp":"2025-09-26 18:31:17.125"}
{"level":"info","message":"Persistence service cleaned up","metadata":{"metadata":{"service":"aln-orchestrator"}},"timestamp":"2025-09-26 18:31:17.125"}
{"level":"info","message":"Session service reset","metadata":{"metadata":{"service":"aln-orchestrator"}},"timestamp":"2025-09-26 18:31:17.144"}
{"level":"info","message":"Game state reset","metadata":{"metadata":{"service":"aln-orchestrator"}},"timestamp":"2025-09-26 18:31:17.144"}
{"level":"warn","message":"Request failed","metadata":{"metadata":{"ip":"::ffff:127.0.0.1","method":"POST","responseTime":"0ms","service":"aln-orchestrator","status":401,"url":"/"}},"timestamp":"2025-09-26 18:31:17.146"}
{"level":"info","message":"Starting broadcast listener cleanup","metadata":{"metadata":{"activeCount":0,"service":"aln-orchestrator"}},"timestamp":"2025-09-26 18:31:17.147"}
{"level":"info","message":"Listener registry cleanup completed","metadata":{"metadata":{"enabled":true,"service":"aln-orchestrator","services":"","totalRemoved":0}},"timestamp":"2025-09-26 18:31:17.147"}
{"level":"info","message":"Broadcast listener cleanup completed","metadata":{"metadata":{"service":"aln-orchestrator"}},"timestamp":"2025-09-26 18:31:17.147"}
{"level":"info","message":"Persistence service initialized","metadata":{"metadata":{"dataDir":"./data","service":"aln-orchestrator"}},"timestamp":"2025-09-26 18:31:17.168"}
{"level":"info","message":"Session service reset","metadata":{"metadata":{"service":"aln-orchestrator"}},"timestamp":"2025-09-26 18:31:17.168"}
{"level":"info","message":"Game state reset","metadata":{"metadata":{"service":"aln-orchestrator"}},"timestamp":"2025-09-26 18:31:17.168"}
{"level":"info","message":"Transaction service reset","metadata":{"metadata":{"service":"aln-orchestrator"}},"timestamp":"2025-09-26 18:31:17.169"}
{"level":"info","message":"Video queue service reset","metadata":{"metadata":{"service":"aln-orchestrator"}},"timestamp":"2025-09-26 18:31:17.169"}
{"level":"info","message":"Offline queue service reset","metadata":{"metadata":{"service":"aln-orchestrator"}},"timestamp":"2025-09-26 18:31:17.169"}
{"level":"info","message":"VLC service reset","metadata":{"metadata":{"service":"aln-orchestrator"}},"timestamp":"2025-09-26 18:31:17.169"}
{"level":"info","message":"Persistence service cleaned up","metadata":{"metadata":{"service":"aln-orchestrator"}},"timestamp":"2025-09-26 18:31:17.169"}
{"level":"info","message":"Session service reset","metadata":{"metadata":{"service":"aln-orchestrator"}},"timestamp":"2025-09-26 18:31:17.186"}
{"level":"info","message":"Game state reset","metadata":{"metadata":{"service":"aln-orchestrator"}},"timestamp":"2025-09-26 18:31:17.186"}
{"level":"warn","message":"Request failed","metadata":{"metadata":{"ip":"::ffff:127.0.0.1","method":"POST","responseTime":"0ms","service":"aln-orchestrator","status":401,"url":"/"}},"timestamp":"2025-09-26 18:31:17.188"}
{"level":"info","message":"Starting broadcast listener cleanup","metadata":{"metadata":{"activeCount":0,"service":"aln-orchestrator"}},"timestamp":"2025-09-26 18:31:17.189"}
{"level":"info","message":"Listener registry cleanup completed","metadata":{"metadata":{"enabled":true,"service":"aln-orchestrator","services":"","totalRemoved":0}},"timestamp":"2025-09-26 18:31:17.189"}
{"level":"info","message":"Broadcast listener cleanup completed","metadata":{"metadata":{"service":"aln-orchestrator"}},"timestamp":"2025-09-26 18:31:17.189"}
{"level":"info","message":"Persistence service initialized","metadata":{"metadata":{"dataDir":"./data","service":"aln-orchestrator"}},"timestamp":"2025-09-26 18:31:17.211"}
{"level":"info","message":"Session service reset","metadata":{"metadata":{"service":"aln-orchestrator"}},"timestamp":"2025-09-26 18:31:17.212"}
{"level":"info","message":"Game state reset","metadata":{"metadata":{"service":"aln-orchestrator"}},"timestamp":"2025-09-26 18:31:17.212"}
{"level":"info","message":"Transaction service reset","metadata":{"metadata":{"service":"aln-orchestrator"}},"timestamp":"2025-09-26 18:31:17.212"}
{"level":"info","message":"Video queue service reset","metadata":{"metadata":{"service":"aln-orchestrator"}},"timestamp":"2025-09-26 18:31:17.212"}
{"level":"info","message":"Offline queue service reset","metadata":{"metadata":{"service":"aln-orchestrator"}},"timestamp":"2025-09-26 18:31:17.212"}
{"level":"info","message":"VLC service reset","metadata":{"metadata":{"service":"aln-orchestrator"}},"timestamp":"2025-09-26 18:31:17.212"}
{"level":"info","message":"Persistence service cleaned up","metadata":{"metadata":{"service":"aln-orchestrator"}},"timestamp":"2025-09-26 18:31:17.212"}
{"level":"info","message":"Session service reset","metadata":{"metadata":{"service":"aln-orchestrator"}},"timestamp":"2025-09-26 18:31:17.231"}
{"level":"info","message":"Game state reset","metadata":{"metadata":{"service":"aln-orchestrator"}},"timestamp":"2025-09-26 18:31:17.231"}
{"level":"info","message":"Session created","metadata":{"metadata":{"name":"Concurrent 2","service":"aln-orchestrator","sessionId":"28c3ee58-e2d7-4edf-9dc0-c6fc64adb92b"}},"timestamp":"2025-09-26 18:31:17.315"}
{"level":"info","message":"Initializing transaction listeners","metadata":{"metadata":{"service":"aln-orchestrator"}},"timestamp":"2025-09-26 18:31:17.315"}
{"level":"info","message":"Session created","metadata":{"metadata":{"name":"Concurrent 2","service":"aln-orchestrator","sessionId":"28c3ee58-e2d7-4edf-9dc0-c6fc64adb92b"}},"timestamp":"2025-09-26 18:31:17.317"}
{"level":"info","message":"Session backed up","metadata":{"metadata":{"service":"aln-orchestrator","sessionId":"28c3ee58-e2d7-4edf-9dc0-c6fc64adb92b"}},"timestamp":"2025-09-26 18:31:17.317"}
{"level":"info","message":"Session ended","metadata":{"metadata":{"service":"aln-orchestrator","sessionId":"28c3ee58-e2d7-4edf-9dc0-c6fc64adb92b"}},"timestamp":"2025-09-26 18:31:17.317"}
{"level":"info","message":"Request completed","metadata":{"metadata":{"ip":"::ffff:127.0.0.1","method":"POST","responseTime":"6ms","service":"aln-orchestrator","status":201,"url":"/"}},"timestamp":"2025-09-26 18:31:17.318"}
{"level":"info","message":"Request completed","metadata":{"metadata":{"ip":"::ffff:127.0.0.1","method":"POST","responseTime":"20ms","service":"aln-orchestrator","status":201,"url":"/"}},"timestamp":"2025-09-26 18:31:17.318"}
{"level":"info","message":"Session created","metadata":{"metadata":{"name":"Concurrent 0","service":"aln-orchestrator","sessionId":"3c6304e9-7f38-4bce-bc64-97bb7742867e"}},"timestamp":"2025-09-26 18:31:17.318"}
{"level":"info","message":"Session backed up","metadata":{"metadata":{"service":"aln-orchestrator","sessionId":"28c3ee58-e2d7-4edf-9dc0-c6fc64adb92b"}},"timestamp":"2025-09-26 18:31:17.319"}
{"level":"info","message":"Session ended","metadata":{"metadata":{"service":"aln-orchestrator","sessionId":"3c6304e9-7f38-4bce-bc64-97bb7742867e"}},"timestamp":"2025-09-26 18:31:17.319"}
{"level":"info","message":"Session created","metadata":{"metadata":{"name":"Concurrent 3","service":"aln-orchestrator","sessionId":"c4b1fd62-160b-4347-a354-2e93044457f6"}},"timestamp":"2025-09-26 18:31:17.319"}
{"level":"info","message":"Request completed","metadata":{"metadata":{"ip":"::ffff:127.0.0.1","method":"POST","responseTime":"8ms","service":"aln-orchestrator","status":201,"url":"/"}},"timestamp":"2025-09-26 18:31:17.319"}
{"level":"info","message":"Request completed","metadata":{"metadata":{"ip":"::ffff:127.0.0.1","method":"POST","responseTime":"5ms","service":"aln-orchestrator","status":201,"url":"/"}},"timestamp":"2025-09-26 18:31:17.320"}
  console.log
    [IntervalTracker] Cleared 0 intervals and 1 timeouts

      at IntervalTracker.log [as clearAll] (src/utils/intervalTracker.js:116:15)

  console.log
    [Cleanup] Cleared 0 intervals and 1 timeouts

      at Object.log (jest.setup.js:59:15)

{"level":"info","message":"Starting broadcast listener cleanup","metadata":{"metadata":{"activeCount":0,"service":"aln-orchestrator"}},"timestamp":"2025-09-26 18:31:27.233"}
{"level":"info","message":"Listener registry cleanup completed","metadata":{"metadata":{"enabled":true,"service":"aln-orchestrator","services":"","totalRemoved":0}},"timestamp":"2025-09-26 18:31:27.234"}
{"level":"info","message":"Broadcast listener cleanup completed","metadata":{"metadata":{"service":"aln-orchestrator"}},"timestamp":"2025-09-26 18:31:27.234"}
{"level":"info","message":"Persistence service initialized","metadata":{"metadata":{"dataDir":"./data","service":"aln-orchestrator"}},"timestamp":"2025-09-26 18:31:27.246"}
{"level":"info","message":"Session service reset","metadata":{"metadata":{"service":"aln-orchestrator"}},"timestamp":"2025-09-26 18:31:27.247"}
{"level":"info","message":"Game state reset","metadata":{"metadata":{"service":"aln-orchestrator"}},"timestamp":"2025-09-26 18:31:27.248"}
{"level":"info","message":"Transaction service reset","metadata":{"metadata":{"service":"aln-orchestrator"}},"timestamp":"2025-09-26 18:31:27.248"}
{"level":"info","message":"Video queue service reset","metadata":{"metadata":{"service":"aln-orchestrator"}},"timestamp":"2025-09-26 18:31:27.248"}
{"level":"info","message":"Offline queue service reset","metadata":{"metadata":{"service":"aln-orchestrator"}},"timestamp":"2025-09-26 18:31:27.248"}
{"level":"info","message":"VLC service reset","metadata":{"metadata":{"service":"aln-orchestrator"}},"timestamp":"2025-09-26 18:31:27.248"}
{"level":"info","message":"Persistence service cleaned up","metadata":{"metadata":{"service":"aln-orchestrator"}},"timestamp":"2025-09-26 18:31:27.248"}
{"level":"info","message":"Session service reset","metadata":{"metadata":{"service":"aln-orchestrator"}},"timestamp":"2025-09-26 18:31:27.276"}
{"level":"info","message":"Game state reset","metadata":{"metadata":{"service":"aln-orchestrator"}},"timestamp":"2025-09-26 18:31:27.276"}
{"level":"info","message":"Session created","metadata":{"metadata":{"name":"Location Test","service":"aln-orchestrator","sessionId":"89a1e66a-7b39-457e-9ef6-757c773d5b37"}},"timestamp":"2025-09-26 18:31:27.301"}
{"level":"info","message":"Initializing transaction listeners","metadata":{"metadata":{"service":"aln-orchestrator"}},"timestamp":"2025-09-26 18:31:27.301"}
{"level":"info","message":"Session created","metadata":{"metadata":{"name":"Location Test","service":"aln-orchestrator","sessionId":"89a1e66a-7b39-457e-9ef6-757c773d5b37"}},"timestamp":"2025-09-26 18:31:27.302"}
{"level":"info","message":"Request completed","metadata":{"metadata":{"ip":"::ffff:127.0.0.1","method":"POST","responseTime":"9990ms","service":"aln-orchestrator","status":201,"url":"/"}},"timestamp":"2025-09-26 18:31:27.303"}
{"level":"info","message":"Request completed","metadata":{"metadata":{"ip":"::ffff:127.0.0.1","method":"POST","responseTime":"22ms","service":"aln-orchestrator","status":201,"url":"/"}},"timestamp":"2025-09-26 18:31:27.303"}
  console.log
    [IntervalTracker] Cleared 0 intervals and 1 timeouts

      at IntervalTracker.log [as clearAll] (src/utils/intervalTracker.js:116:15)

  console.log
    [Cleanup] Cleared 0 intervals and 1 timeouts

      at Object.log (jest.setup.js:59:15)

{"level":"info","message":"Starting broadcast listener cleanup","metadata":{"metadata":{"activeCount":0,"service":"aln-orchestrator"}},"timestamp":"2025-09-26 18:31:27.305"}
{"level":"info","message":"Listener registry cleanup completed","metadata":{"metadata":{"enabled":true,"service":"aln-orchestrator","services":"","totalRemoved":0}},"timestamp":"2025-09-26 18:31:27.306"}
{"level":"info","message":"Broadcast listener cleanup completed","metadata":{"metadata":{"service":"aln-orchestrator"}},"timestamp":"2025-09-26 18:31:27.306"}
{"level":"info","message":"Persistence service initialized","metadata":{"metadata":{"dataDir":"./data","service":"aln-orchestrator"}},"timestamp":"2025-09-26 18:31:27.317"}
{"level":"info","message":"Request completed","metadata":{"metadata":{"ip":"::ffff:127.0.0.1","method":"GET","responseTime":"0ms","service":"aln-orchestrator","status":200,"url":"/"}},"timestamp":"2025-09-26 18:31:27.318"}
{"level":"info","message":"Session service reset","metadata":{"metadata":{"service":"aln-orchestrator"}},"timestamp":"2025-09-26 18:31:27.319"}
{"level":"info","message":"Game state reset","metadata":{"metadata":{"service":"aln-orchestrator"}},"timestamp":"2025-09-26 18:31:27.319"}
{"level":"info","message":"Transaction service reset","metadata":{"metadata":{"service":"aln-orchestrator"}},"timestamp":"2025-09-26 18:31:27.319"}
{"level":"info","message":"Video queue service reset","metadata":{"metadata":{"service":"aln-orchestrator"}},"timestamp":"2025-09-26 18:31:27.319"}
{"level":"info","message":"Offline queue service reset","metadata":{"metadata":{"service":"aln-orchestrator"}},"timestamp":"2025-09-26 18:31:27.319"}
{"level":"info","message":"VLC service reset","metadata":{"metadata":{"service":"aln-orchestrator"}},"timestamp":"2025-09-26 18:31:27.319"}
{"level":"info","message":"Persistence service cleaned up","metadata":{"metadata":{"service":"aln-orchestrator"}},"timestamp":"2025-09-26 18:31:27.319"}
{"level":"info","message":"Session service reset","metadata":{"metadata":{"service":"aln-orchestrator"}},"timestamp":"2025-09-26 18:31:27.343"}
{"level":"info","message":"Game state reset","metadata":{"metadata":{"service":"aln-orchestrator"}},"timestamp":"2025-09-26 18:31:27.343"}
{"level":"info","message":"Session created","metadata":{"metadata":{"name":"Content Type Test","service":"aln-orchestrator","sessionId":"07fe1d11-345f-4d7b-88ec-a5a38a7f0998"}},"timestamp":"2025-09-26 18:31:27.360"}
{"level":"info","message":"Initializing transaction listeners","metadata":{"metadata":{"service":"aln-orchestrator"}},"timestamp":"2025-09-26 18:31:27.360"}
{"level":"info","message":"Request completed","metadata":{"metadata":{"ip":"::ffff:127.0.0.1","method":"POST","responseTime":"17ms","service":"aln-orchestrator","status":201,"url":"/"}},"timestamp":"2025-09-26 18:31:27.362"}
  console.log
    [IntervalTracker] Cleared 0 intervals and 1 timeouts

      at IntervalTracker.log [as clearAll] (src/utils/intervalTracker.js:116:15)

  console.log
    [Cleanup] Cleared 0 intervals and 1 timeouts

      at Object.log (jest.setup.js:59:15)

{"level":"info","message":"Starting broadcast listener cleanup","metadata":{"metadata":{"activeCount":0,"service":"aln-orchestrator"}},"timestamp":"2025-09-26 18:31:27.363"}
{"level":"info","message":"Listener registry cleanup completed","metadata":{"metadata":{"enabled":true,"service":"aln-orchestrator","services":"","totalRemoved":0}},"timestamp":"2025-09-26 18:31:27.364"}
{"level":"info","message":"Broadcast listener cleanup completed","metadata":{"metadata":{"service":"aln-orchestrator"}},"timestamp":"2025-09-26 18:31:27.364"}
{"level":"info","message":"Persistence service initialized","metadata":{"metadata":{"dataDir":"./data","service":"aln-orchestrator"}},"timestamp":"2025-09-26 18:31:27.371"}
{"level":"info","message":"Session service reset","metadata":{"metadata":{"service":"aln-orchestrator"}},"timestamp":"2025-09-26 18:31:27.372"}
{"level":"info","message":"Game state reset","metadata":{"metadata":{"service":"aln-orchestrator"}},"timestamp":"2025-09-26 18:31:27.372"}
{"level":"info","message":"Transaction service reset","metadata":{"metadata":{"service":"aln-orchestrator"}},"timestamp":"2025-09-26 18:31:27.372"}
{"level":"info","message":"Video queue service reset","metadata":{"metadata":{"service":"aln-orchestrator"}},"timestamp":"2025-09-26 18:31:27.372"}
{"level":"info","message":"Offline queue service reset","metadata":{"metadata":{"service":"aln-orchestrator"}},"timestamp":"2025-09-26 18:31:27.372"}
{"level":"info","message":"VLC service reset","metadata":{"metadata":{"service":"aln-orchestrator"}},"timestamp":"2025-09-26 18:31:27.372"}
{"level":"info","message":"Persistence service cleaned up","metadata":{"metadata":{"service":"aln-orchestrator"}},"timestamp":"2025-09-26 18:31:27.372"}
