Loaded shared scoring config from: /home/maxepunk/projects/AboutLastNight/ALN-Ecosystem/ALN-TokenData/scoring-config.json

Running 2 tests using 1 worker

Loaded shared scoring config from: /home/maxepunk/projects/AboutLastNight/ALN-Ecosystem/ALN-TokenData/scoring-config.json
{"level":"info","message":"Setting up VLC for E2E tests...","metadata":{"metadata":{"service":"aln-orchestrator"}},"timestamp":"2026-02-15 12:12:56.937"}
{"level":"info","message":"Using existing VLC instance","metadata":{"metadata":{"service":"aln-orchestrator"}},"timestamp":"2026-02-15 12:12:56.991"}
{"level":"info","message":"[E2E Sound] pw-play available, copied 1 test audio file(s)","metadata":{"metadata":{"service":"aln-orchestrator"}},"timestamp":"2026-02-15 12:12:57.008"}
{"level":"info","message":"[E2E HA] Home Assistant API already healthy","metadata":{"metadata":{"service":"aln-orchestrator"}},"timestamp":"2026-02-15 12:12:57.027"}
{"level":"info","message":"[E2E Spotify] spotifyd running but no MPRIS registration (no active Spotify Connect session)","metadata":{"metadata":{"service":"aln-orchestrator"}},"timestamp":"2026-02-15 12:13:02.082"}

╔══════════════════════════════════════════╗
║  E2E SERVICE STATUS                      ║
║  vlc        REAL                           ║
║  spotify    REAL (running but no active Spotify Connect session — MPRIS commands will fail until a client connects)  ║
║  ha         REAL                           ║
║  sound      REAL                           ║
╚══════════════════════════════════════════╝
{"level":"info","message":"Starting orchestrator for E2E tests","metadata":{"metadata":{"enableHttps":true,"port":38725,"preserveSession":false,"protocol":"https","service":"aln-orchestrator"}},"timestamp":"2026-02-15 12:13:02.091"}
{"level":"info","message":"Orchestrator started successfully","metadata":{"metadata":{"pid":214225,"service":"aln-orchestrator","url":"https://localhost:38725"}},"timestamp":"2026-02-15 12:13:02.675"}
✓ Fetched 48 tokens from https://localhost:38725/api/tokens
  → Selected group "Marcus Sucks" with 4 tokens (returning all 4)
  → Video token verified: jaw011.mp4 exists at /home/maxepunk/projects/AboutLastNight/ALN-Ecosystem/backend/public/videos
Token Selection Summary:
  → Personal token: fli003 (2⭐)
  → Business token: din021 (3⭐)
  → Technical token: mab001 (5⭐)
  → Video token: jaw011
  → Group tokens: asm031, fli031, jek031, rat031
  → Unique tokens: alr001, alr002, asm042... (5 total)
Token Pools Selected:
  → Round 1 tokens: alr001, alr002, asm031, asm042, det001, det002, din002, din021, fli002
  → Round 2 tokens: fli003, fli004, fli031, hos002, hos011, jav003, jav021, jav042, jek002
  → Video tokens: jaw011, kaa003
Browser launched for multi-device tests
{"level":"info","message":"Stopping orchestrator","metadata":{"metadata":{"pid":214225,"service":"aln-orchestrator"}},"timestamp":"2026-02-15 12:13:06.574"}
{"level":"info","message":"Cleaning up VLC resources...","metadata":{"metadata":{"service":"aln-orchestrator"}},"timestamp":"2026-02-15 12:13:06.587"}
{"level":"info","message":"VLC cleanup complete","metadata":{"metadata":{"service":"aln-orchestrator"}},"timestamp":"2026-02-15 12:13:06.589"}
  -  1 [chromium] › tests/e2e/flows/30-full-game-session-multi-device.test.js:157:3 › Full Game Session Multi-Device Flow › complete game session with multiple GM and player scanners
Loaded shared scoring config from: /home/maxepunk/projects/AboutLastNight/ALN-Ecosystem/ALN-TokenData/scoring-config.json
{"level":"info","message":"Setting up VLC for E2E tests...","metadata":{"metadata":{"service":"aln-orchestrator"}},"timestamp":"2026-02-15 12:13:07.661"}
{"level":"info","message":"Using existing VLC instance","metadata":{"metadata":{"service":"aln-orchestrator"}},"timestamp":"2026-02-15 12:13:07.710"}
{"level":"info","message":"[E2E Sound] pw-play available, copied 1 test audio file(s)","metadata":{"metadata":{"service":"aln-orchestrator"}},"timestamp":"2026-02-15 12:13:07.727"}
{"level":"info","message":"[E2E HA] Home Assistant API already healthy","metadata":{"metadata":{"service":"aln-orchestrator"}},"timestamp":"2026-02-15 12:13:07.742"}
{"level":"info","message":"[E2E Spotify] spotifyd running but no MPRIS registration (no active Spotify Connect session)","metadata":{"metadata":{"service":"aln-orchestrator"}},"timestamp":"2026-02-15 12:13:12.817"}

╔══════════════════════════════════════════╗
║  E2E SERVICE STATUS                      ║
║  vlc        REAL                           ║
║  spotify    REAL (running but no active Spotify Connect session — MPRIS commands will fail until a client connects)  ║
║  ha         REAL                           ║
║  sound      REAL                           ║
╚══════════════════════════════════════════╝
{"level":"info","message":"Starting orchestrator for E2E tests","metadata":{"metadata":{"enableHttps":true,"port":42471,"preserveSession":false,"protocol":"https","service":"aln-orchestrator"}},"timestamp":"2026-02-15 12:13:12.833"}
{"level":"info","message":"Orchestrator started successfully","metadata":{"metadata":{"pid":214391,"service":"aln-orchestrator","url":"https://localhost:42471"}},"timestamp":"2026-02-15 12:13:13.455"}
✓ Fetched 48 tokens from https://localhost:42471/api/tokens
  → Selected group "Marcus Sucks" with 4 tokens (returning all 4)
  → Video token verified: jaw011.mp4 exists at /home/maxepunk/projects/AboutLastNight/ALN-Ecosystem/backend/public/videos
Token Selection Summary:
  → Personal token: fli003 (2⭐)
  → Business token: din021 (3⭐)
  → Technical token: mab001 (5⭐)
  → Video token: jaw011
  → Group tokens: asm031, fli031, jek031, rat031
  → Unique tokens: alr001, alr002, asm042... (5 total)
Token Pools Selected:
  → Round 1 tokens: alr001, alr002, asm031, asm042, det001, det002, din002, din021, fli002
  → Round 2 tokens: fli003, fli004, fli031, hos002, hos011, jav003, jav021, jav042, jek002
  → Video tokens: jaw011, kaa003
Browser launched for multi-device tests

=== PHASE 1: Setup & Session Creation ===
✓ Public scoreboard connected
✓ GM Scanner initialized: networked mode, blackmarket game mode
✓ GM1 connected in networked mode
✓ Admin panel navigation complete - data loaded
✓ Admin panel navigation complete - data loaded
✓ Session created with Team Alpha and Team Beta
✓ Scoreboard still connected after session creation
✓ GM Scanner initialized: networked mode, detective game mode
✓ GM2 connected in detective mode
✓ Mode verification: GM1=Black Market Mode, GM2=Detective Mode

=== PHASE 1.5: Environment Control Verification ===
✓ Admin panel navigation complete - data loaded
✓ Audio routing dropdowns visible
✓ Initial video route value: alsa_output.platform-107c701400.hdmi.hdmi-stereo
  Available video sinks: HDMI, All Bluetooth Speakers, All Bluetooth Speakers
  → Changing video route to: All Bluetooth Speakers
✓ Video route changed successfully
✓ Reverted video route to initial state
  BT fallback warning: hidden
  → BT Scan button initial text: "Scan for Speakers"
  → Clicked BT Scan button (gm:command bluetooth:scan:start sent)
  BT scan still running after 15s, moving on
  BT devices found: 3
  → Activating scene: "Party" (scene.party)
✓ Lighting scene "Party" activated (round-trip verified)
{"level":"info","message":"Stopping orchestrator","metadata":{"metadata":{"pid":214391,"service":"aln-orchestrator"}},"timestamp":"2026-02-15 12:13:57.581"}
{"level":"info","message":"Cleaning up VLC resources...","metadata":{"metadata":{"service":"aln-orchestrator"}},"timestamp":"2026-02-15 12:13:57.590"}
{"level":"info","message":"VLC cleanup complete","metadata":{"metadata":{"service":"aln-orchestrator"}},"timestamp":"2026-02-15 12:13:57.591"}
  ✘  2 [mobile-chrome] › tests/e2e/flows/30-full-game-session-multi-device.test.js:157:3 › Full Game Session Multi-Device Flow › complete game session with multiple GM and player scanners (32.2s)
Loaded shared scoring config from: /home/maxepunk/projects/AboutLastNight/ALN-Ecosystem/ALN-TokenData/scoring-config.json
{"level":"info","message":"Setting up VLC for E2E tests...","metadata":{"metadata":{"service":"aln-orchestrator"}},"timestamp":"2026-02-15 12:14:00.250"}
{"level":"info","message":"Using existing VLC instance","metadata":{"metadata":{"service":"aln-orchestrator"}},"timestamp":"2026-02-15 12:14:00.301"}
{"level":"info","message":"[E2E Sound] pw-play available, copied 1 test audio file(s)","metadata":{"metadata":{"service":"aln-orchestrator"}},"timestamp":"2026-02-15 12:14:00.316"}
{"level":"info","message":"[E2E HA] Home Assistant API already healthy","metadata":{"metadata":{"service":"aln-orchestrator"}},"timestamp":"2026-02-15 12:14:00.331"}
{"level":"info","message":"[E2E Spotify] spotifyd running but no MPRIS registration (no active Spotify Connect session)","metadata":{"metadata":{"service":"aln-orchestrator"}},"timestamp":"2026-02-15 12:14:05.398"}

╔══════════════════════════════════════════╗
║  E2E SERVICE STATUS                      ║
║  vlc        REAL                           ║
║  spotify    REAL (running but no active Spotify Connect session — MPRIS commands will fail until a client connects)  ║
║  ha         REAL                           ║
║  sound      REAL                           ║
╚══════════════════════════════════════════╝
{"level":"info","message":"Starting orchestrator for E2E tests","metadata":{"metadata":{"enableHttps":true,"port":36131,"preserveSession":false,"protocol":"https","service":"aln-orchestrator"}},"timestamp":"2026-02-15 12:14:05.411"}
{"level":"info","message":"Orchestrator started successfully","metadata":{"metadata":{"pid":214921,"service":"aln-orchestrator","url":"https://localhost:36131"}},"timestamp":"2026-02-15 12:14:06.007"}
✓ Fetched 48 tokens from https://localhost:36131/api/tokens
  → Selected group "Marcus Sucks" with 4 tokens (returning all 4)
  → Video token verified: jaw011.mp4 exists at /home/maxepunk/projects/AboutLastNight/ALN-Ecosystem/backend/public/videos
Token Selection Summary:
  → Personal token: fli003 (2⭐)
  → Business token: din021 (3⭐)
  → Technical token: mab001 (5⭐)
  → Video token: jaw011
  → Group tokens: asm031, fli031, jek031, rat031
  → Unique tokens: alr001, alr002, asm042... (5 total)
Token Pools Selected:
  → Round 1 tokens: alr001, alr002, asm031, asm042, det001, det002, din002, din021, fli002
  → Round 2 tokens: fli003, fli004, fli031, hos002, hos011, jav003, jav021, jav042, jek002
  → Video tokens: jaw011, kaa003
Browser launched for multi-device tests

=== PHASE 1: Setup & Session Creation ===
✓ Public scoreboard connected
✓ GM Scanner initialized: networked mode, blackmarket game mode
✓ GM1 connected in networked mode
✓ Admin panel navigation complete - data loaded
✓ Admin panel navigation complete - data loaded
✓ Session created with Team Alpha and Team Beta
✓ Scoreboard still connected after session creation
✓ GM Scanner initialized: networked mode, detective game mode
✓ GM2 connected in detective mode
✓ Mode verification: GM1=Black Market Mode, GM2=Detective Mode

=== PHASE 1.5: Environment Control Verification ===
✓ Admin panel navigation complete - data loaded
✓ Audio routing dropdowns visible
✓ Initial video route value: alsa_output.platform-107c701400.hdmi.hdmi-stereo
  Available video sinks: HDMI, All Bluetooth Speakers, All Bluetooth Speakers
  → Changing video route to: All Bluetooth Speakers
✓ Video route changed successfully
✓ Reverted video route to initial state
  BT fallback warning: hidden
  → BT Scan button initial text: "Scan for Speakers"
  → Clicked BT Scan button (gm:command bluetooth:scan:start sent)
  BT scan still running after 15s, moving on
  BT devices found: 5
  → Activating scene: "Party" (scene.party)
✓ Lighting scene "Party" activated (round-trip verified)
{"level":"info","message":"Stopping orchestrator","metadata":{"metadata":{"pid":214921,"service":"aln-orchestrator"}},"timestamp":"2026-02-15 12:14:50.529"}
{"level":"info","message":"Cleaning up VLC resources...","metadata":{"metadata":{"service":"aln-orchestrator"}},"timestamp":"2026-02-15 12:14:50.538"}
{"level":"info","message":"VLC cleanup complete","metadata":{"metadata":{"service":"aln-orchestrator"}},"timestamp":"2026-02-15 12:14:50.538"}
  ✘  3 [mobile-chrome] › tests/e2e/flows/30-full-game-session-multi-device.test.js:157:3 › Full Game Session Multi-Device Flow › complete game session with multiple GM and player scanners (retry #1) (34.9s)


  1) [mobile-chrome] › tests/e2e/flows/30-full-game-session-multi-device.test.js:157:3 › Full Game Session Multi-Device Flow › complete game session with multiple GM and player scanners 

    TypeError: this.isHdmiAudioSelected is not a function

       at ../helpers/page-objects/GMScannerPage.js:966

      964 |     return {
      965 |       audioSectionVisible: await this.isAudioOutputSectionVisible(),
    > 966 |       hdmiSelected: await this.isHdmiAudioSelected(),
          |                                ^
      967 |       bluetoothSelected: await this.isBluetoothAudioSelected(),
      968 |       btWarningVisible: await this.isBtWarningVisible(),
      969 |       btUnavailable: await this.isBtUnavailable(),
        at GMScannerPage.getEnvironmentControlState (/home/maxepunk/projects/AboutLastNight/ALN-Ecosystem/backend/tests/e2e/helpers/page-objects/GMScannerPage.js:966:32)
        at /home/maxepunk/projects/AboutLastNight/ALN-Ecosystem/backend/tests/e2e/flows/30-full-game-session-multi-device.test.js:399:22

    attachment #1: screenshot (image/png) ──────────────────────────────────────────────────────────
    test-results/30-full-game-session-multi-4b0f0-iple-GM-and-player-scanners-mobile-chrome/test-failed-3.png
    ────────────────────────────────────────────────────────────────────────────────────────────────

    attachment #2: screenshot (image/png) ──────────────────────────────────────────────────────────
    test-results/30-full-game-session-multi-4b0f0-iple-GM-and-player-scanners-mobile-chrome/test-failed-5.png
    ────────────────────────────────────────────────────────────────────────────────────────────────

    attachment #3: screenshot (image/png) ──────────────────────────────────────────────────────────
    test-results/30-full-game-session-multi-4b0f0-iple-GM-and-player-scanners-mobile-chrome/test-failed-4.png
    ────────────────────────────────────────────────────────────────────────────────────────────────

    attachment #4: screenshot (image/png) ──────────────────────────────────────────────────────────
    test-results/30-full-game-session-multi-4b0f0-iple-GM-and-player-scanners-mobile-chrome/test-failed-2.png
    ────────────────────────────────────────────────────────────────────────────────────────────────

    attachment #5: screenshot (image/png) ──────────────────────────────────────────────────────────
    test-results/30-full-game-session-multi-4b0f0-iple-GM-and-player-scanners-mobile-chrome/test-failed-1.png
    ────────────────────────────────────────────────────────────────────────────────────────────────

    attachment #6: screenshot (image/png) ──────────────────────────────────────────────────────────
    test-results/30-full-game-session-multi-4b0f0-iple-GM-and-player-scanners-mobile-chrome/test-failed-6.png
    ────────────────────────────────────────────────────────────────────────────────────────────────

    Error Context: test-results/30-full-game-session-multi-4b0f0-iple-GM-and-player-scanners-mobile-chrome/error-context.md

    attachment #8: trace (application/zip) ─────────────────────────────────────────────────────────
    test-results/30-full-game-session-multi-4b0f0-iple-GM-and-player-scanners-mobile-chrome/trace.zip
    Usage:

        npx playwright show-trace test-results/30-full-game-session-multi-4b0f0-iple-GM-and-player-scanners-mobile-chrome/trace.zip

    ────────────────────────────────────────────────────────────────────────────────────────────────

    Retry #1 ───────────────────────────────────────────────────────────────────────────────────────

    TypeError: this.isHdmiAudioSelected is not a function

       at ../helpers/page-objects/GMScannerPage.js:966

      964 |     return {
      965 |       audioSectionVisible: await this.isAudioOutputSectionVisible(),
    > 966 |       hdmiSelected: await this.isHdmiAudioSelected(),
          |                                ^
      967 |       bluetoothSelected: await this.isBluetoothAudioSelected(),
      968 |       btWarningVisible: await this.isBtWarningVisible(),
      969 |       btUnavailable: await this.isBtUnavailable(),
        at GMScannerPage.getEnvironmentControlState (/home/maxepunk/projects/AboutLastNight/ALN-Ecosystem/backend/tests/e2e/helpers/page-objects/GMScannerPage.js:966:32)
        at /home/maxepunk/projects/AboutLastNight/ALN-Ecosystem/backend/tests/e2e/flows/30-full-game-session-multi-device.test.js:399:22

    attachment #1: screenshot (image/png) ──────────────────────────────────────────────────────────
    test-results/30-full-game-session-multi-4b0f0-iple-GM-and-player-scanners-mobile-chrome-retry1/test-failed-2.png
    ────────────────────────────────────────────────────────────────────────────────────────────────

    attachment #2: screenshot (image/png) ──────────────────────────────────────────────────────────
    test-results/30-full-game-session-multi-4b0f0-iple-GM-and-player-scanners-mobile-chrome-retry1/test-failed-3.png
    ────────────────────────────────────────────────────────────────────────────────────────────────

    attachment #3: screenshot (image/png) ──────────────────────────────────────────────────────────
    test-results/30-full-game-session-multi-4b0f0-iple-GM-and-player-scanners-mobile-chrome-retry1/test-failed-4.png
    ────────────────────────────────────────────────────────────────────────────────────────────────

    attachment #4: screenshot (image/png) ──────────────────────────────────────────────────────────
    test-results/30-full-game-session-multi-4b0f0-iple-GM-and-player-scanners-mobile-chrome-retry1/test-failed-5.png
    ────────────────────────────────────────────────────────────────────────────────────────────────

    attachment #5: screenshot (image/png) ──────────────────────────────────────────────────────────
    test-results/30-full-game-session-multi-4b0f0-iple-GM-and-player-scanners-mobile-chrome-retry1/test-failed-1.png
    ────────────────────────────────────────────────────────────────────────────────────────────────

    attachment #6: screenshot (image/png) ──────────────────────────────────────────────────────────
    test-results/30-full-game-session-multi-4b0f0-iple-GM-and-player-scanners-mobile-chrome-retry1/test-failed-6.png
    ────────────────────────────────────────────────────────────────────────────────────────────────

    Error Context: test-results/30-full-game-session-multi-4b0f0-iple-GM-and-player-scanners-mobile-chrome-retry1/error-context.md

    attachment #8: trace (application/zip) ─────────────────────────────────────────────────────────
    test-results/30-full-game-session-multi-4b0f0-iple-GM-and-player-scanners-mobile-chrome-retry1/trace.zip
    Usage:

        npx playwright show-trace test-results/30-full-game-session-multi-4b0f0-iple-GM-and-player-scanners-mobile-chrome-retry1/trace.zip

    ────────────────────────────────────────────────────────────────────────────────────────────────

  1 failed
    [mobile-chrome] › tests/e2e/flows/30-full-game-session-multi-device.test.js:157:3 › Full Game Session Multi-Device Flow › complete game session with multiple GM and player scanners 
  1 skipped

To open last HTML report run:
[36m[39m
[36m  npx playwright show-report[39m
[36m[39m
